Ôû▓ Next.js 16.1.6 (Turbopack)
- Environments: .env.local, .env

  Creating an optimized production build ...
Ô£ô Compiled successfully in 2.2s
  Running TypeScript ...
  Collecting page data using 15 workers ...
node.exe : Error: 
Failed to load 
external module @pri
sma/client-2c3a283f1
34fdcb6: Error: 
Cannot find module '
.prisma/client/defau
lt'
At line:1 char:1
+ & "C:\Program File
s\nodejs/node.exe" 
"C:\Program Files\no
dejs/node_mo ...
+ ~~~~~~~~~~~~~~~~~~
~~~~~~~~~~~~~~~~~~~~
~~~~~~~~~~~~~~~~~~~~
~~~~~~~~~~~
    + CategoryInfo  
            : NotS  
  pecified: (Erro   
 r: Failed t...c    
lient/default':    
String) [], Rem    
oteException
    + FullyQualifie 
   dErrorId : Nati  
  veCommandError
 
Require stack:
- C:\Users\n1j\Deskt
op\New folder\restau
rant-menu\node_modul
es\@prisma\client\de
fault.js
- C:\Users\n1j\Deskt
op\New folder\restau
rant-menu\.next\serv
er\chunks\[root-of-t
he-server]__48f95bfc
._.js
- C:\Users\n1j\Deskt
op\New folder\restau
rant-menu\.next\serv
er\chunks\[turbopack
]_runtime.js
- C:\Users\n1j\Deskt
op\New folder\restau
rant-menu\.next\serv
er\app\api\stats\rou
te.js
- C:\Users\n1j\Deskt
op\New folder\restau
rant-menu\node_modul
es\next\dist\server\
require.js
- C:\Users\n1j\Deskt
op\New folder\restau
rant-menu\node_modul
es\next\dist\server\
load-components.js
- C:\Users\n1j\Deskt
op\New folder\restau
rant-menu\node_modul
es\next\dist\build\u
tils.js
- C:\Users\n1j\Deskt
op\New folder\restau
rant-menu\node_modul
es\next\dist\build\w
orker.js
- C:\Users\n1j\Deskt
op\New folder\restau
rant-menu\node_modul
es\next\dist\compile
d\jest-worker\proces
sChild.js
    at Context.exter
nalRequire [as x] (C
:\Users\n1j\Desktop\
New folder\restauran
t-menu\.next\server\
chunks\[turbopack]_r
untime.js:535:15)
    at module 
evaluation (C:\Users
\n1j\Desktop\New fol
der\restaurant-menu\
.next\server\chunks\
[root-of-the-server]
__48f95bfc._.js:1:10
17)
    at 
instantiateModule (C
:\Users\n1j\Desktop\
New folder\restauran
t-menu\.next\server\
chunks\[turbopack]_r
untime.js:740:9)
    at getOrInstanti
ateModuleFromParent 
(C:\Users\n1j\Deskto
p\New folder\restaur
ant-menu\.next\serve
r\chunks\[turbopack]
_runtime.js:763:12)
    at 
Context.esmImport 
[as i] (C:\Users\n1j
\Desktop\New folder\
restaurant-menu\.nex
t\server\chunks\[tur
bopack]_runtime.js:2
28:20)
    at module 
evaluation (C:\Users
\n1j\Desktop\New fol
der\restaurant-menu\
.next\server\chunks\
[root-of-the-server]
__48f95bfc._.js:1:11
33)
    at 
instantiateModule (C
:\Users\n1j\Desktop\
New folder\restauran
t-menu\.next\server\
chunks\[turbopack]_r
untime.js:740:9)
    at getOrInstanti
ateModuleFromParent 
(C:\Users\n1j\Deskto
p\New folder\restaur
ant-menu\.next\serve
r\chunks\[turbopack]
_runtime.js:763:12)
    at 
Context.esmImport 
[as i] (C:\Users\n1j
\Desktop\New folder\
restaurant-menu\.nex
t\server\chunks\[tur
bopack]_runtime.js:2
28:20)
    at module 
evaluation (C:\Users
\n1j\Desktop\New fol
der\restaurant-menu\
.next\server\chunks\
[root-of-the-server]
__48f95bfc._.js:1:14
70)
Error: Failed to 
load external 
module @prisma/clien
t-2c3a283f134fdcb6: 
Error: Cannot find 
module '.prisma/clie
nt/default'
Require stack:
- C:\Users\n1j\Deskt
op\New folder\restau
rant-menu\node_modul
es\@prisma\client\de
fault.js
- C:\Users\n1j\Deskt
op\New folder\restau
rant-menu\.next\serv
er\chunks\[root-of-t
he-server]__2d4bcb38
._.js
- C:\Users\n1j\Deskt
op\New folder\restau
rant-menu\.next\serv
er\chunks\[turbopack
]_runtime.js
- C:\Users\n1j\Deskt
op\New folder\restau
rant-menu\.next\serv
er\app\api\dishes\[i
d]\route.js
- C:\Users\n1j\Deskt
op\New folder\restau
rant-menu\node_modul
es\next\dist\server\
require.js
- C:\Users\n1j\Deskt
op\New folder\restau
rant-menu\node_modul
es\next\dist\server\
load-components.js
- C:\Users\n1j\Deskt
op\New folder\restau
rant-menu\node_modul
es\next\dist\build\u
tils.js
- C:\Users\n1j\Deskt
op\New folder\restau
rant-menu\node_modul
es\next\dist\build\w
orker.js
- C:\Users\n1j\Deskt
op\New folder\restau
rant-menu\node_modul
es\next\dist\compile
d\jest-worker\proces
sChild.js
    at Context.exter
nalRequire [as x] (C
:\Users\n1j\Desktop\
New folder\restauran
t-menu\.next\server\
chunks\[turbopack]_r
untime.js:535:15)
    at module 
evaluation (C:\Users
\n1j\Desktop\New fol
der\restaurant-menu\
.next\server\chunks\
[root-of-the-server]
__2d4bcb38._.js:1:10
17)
    at 
instantiateModule (C
:\Users\n1j\Desktop\
New folder\restauran
t-menu\.next\server\
chunks\[turbopack]_r
untime.js:740:9)
    at getOrInstanti
ateModuleFromParent 
(C:\Users\n1j\Deskto
p\New folder\restaur
ant-menu\.next\serve
r\chunks\[turbopack]
_runtime.js:763:12)
    at 
Context.esmImport 
[as i] (C:\Users\n1j
\Desktop\New folder\
restaurant-menu\.nex
t\server\chunks\[tur
bopack]_runtime.js:2
28:20)
    at module 
evaluation (C:\Users
\n1j\Desktop\New fol
der\restaurant-menu\
.next\server\chunks\
[root-of-the-server]
__2d4bcb38._.js:1:11
33)
    at 
instantiateModule (C
:\Users\n1j\Desktop\
New folder\restauran
t-menu\.next\server\
chunks\[turbopack]_r
untime.js:740:9)
    at getOrInstanti
ateModuleFromParent 
(C:\Users\n1j\Deskto
p\New folder\restaur
ant-menu\.next\serve
r\chunks\[turbopack]
_runtime.js:763:12)
    at 
Context.esmImport 
[as i] (C:\Users\n1j
\Desktop\New folder\
restaurant-menu\.nex
t\server\chunks\[tur
bopack]_runtime.js:2
28:20)
    at module 
evaluation (C:\Users
\n1j\Desktop\New fol
der\restaurant-menu\
.next\server\chunks\
[root-of-the-server]
__2d4bcb38._.js:1:14
72)

> Build error 
occurred
Error: Failed to 
collect page data 
for /api/stats
    at 
ignore-listed 
frames {
  type: 'Error'
}
